// Jest Snapshot v1, https://goo.gl/fbAQLP

exports[`Given ExerciseLabel When interval is {
  id: '0',
  name: 'Push Ups',
  description: 'Take a break',
  duration: 40,
  count: 1,
  groupName: '50 Push Ups',
  groupRepIndex: 3,
  groupRepetitions: 5,
  circuitId: '0',
  circuitName: '50 Push Ups',
  circuitRepIndex: 1,
  circuitRepetition: 1,
  rest: 20
}, and resting is false 1`] = `
<div>
  <p>
    50 Push Ups
     (
    3
    /
    5
    )
  </p>
  <p>
    Push Ups
  </p>
</div>
`;

exports[`Given ExerciseLabel When interval is {
  id: '1',
  name: 'Push Ups',
  description: 'Up and Down',
  duration: 20,
  count: 10,
  groupName: '50 Push Ups',
  groupRepIndex: 1,
  groupRepetitions: 5,
  circuitId: '1',
  circuitName: '50 Push Ups',
  circuitRepIndex: 1,
  circuitRepetition: 1,
  rest: 40
}, and resting is true 1`] = `
<div>
  <p>
    50 Push Ups
     (
    1
    /
    5
    )
  </p>
  <p>
    Rest
  </p>
</div>
`;
