// Jest Snapshot v1, https://goo.gl/fbAQLP

exports[`Given ExerciseLabel When interval is {
  id: '0',
  name: 'Push Ups',
  description: 'Up and Down',
  duration: 20,
  count: 10,
  groupId: '0',
  groupName: '50 Push Ups',
  groupRepIndex: 1,
  groupRepetitions: 5,
  circuitId: '0',
  circuitName: '50 Push Ups',
  circuitRepIndex: 1,
  circuitRepetition: 1
}, rep is 1 then label is Burpies (1/3) 1`] = `
<div>
  <p>
    50 Push Ups
     (
    1
    /
    5
    )
  </p>
  <p>
    Push Ups
  </p>
</div>
`;

exports[`Given ExerciseLabel When interval is {
  id: '0',
  name: 'Rest',
  description: 'Take a break',
  duration: 40,
  count: 1,
  groupId: '0',
  groupName: '50 Push Ups',
  groupRepIndex: 3,
  groupRepetitions: 5,
  circuitId: '0',
  circuitName: '50 Push Ups',
  circuitRepIndex: 1,
  circuitRepetition: 1
}, rep is 1 then label is Push Ups (2/5) 1`] = `
<div>
  <p>
    50 Push Ups
     (
    3
    /
    5
    )
  </p>
  <p>
    Rest
  </p>
</div>
`;
