// Jest Snapshot v1, https://goo.gl/fbAQLP

exports[`Given circuits, dashboard displays correctly 1`] = `
<div>
  <p>
    Dashboard
  </p>
  <CircuitView
    circuit={
      Object {
        "exerciseGroups": Array [],
        "id": "0",
        "name": "Circuit One",
        "repetitions": 1,
      }
    }
    key="0"
    onClick={[Function]}
  />
  <CircuitView
    circuit={
      Object {
        "exerciseGroups": Array [],
        "id": "1",
        "name": "Circuit Two",
        "repetitions": 1,
      }
    }
    key="1"
    onClick={[Function]}
  />
</div>
`;
