// Jest Snapshot v1, https://goo.gl/fbAQLP

exports[`Given circuits, dashboard displays correctly 1`] = `
<div>
  <p>
    Dashboard
  </p>
  <a>
    New Circuit
  </a>
  <NavLink
    exact={true}
    to="/addexercise"
  >
    Add Exercise
  </NavLink>
  <CircuitListView
    circuits={
      Array [
        Object {
          "exerciseGroups": Array [],
          "id": "0",
          "name": "Circuit One",
          "repetitions": 1,
        },
        Object {
          "exerciseGroups": Array [],
          "id": "1",
          "name": "Circuit Two",
          "repetitions": 1,
        },
      ]
    }
    onSelect={[Function]}
  />
  <ExerciseListView
    onEdit={[Function]}
    onSelect={[Function]}
  />
</div>
`;
